C:/Users/HiTF/Desktop/UART_HUB_2/UART_HUB_2/Core/Src/main.c:186:13:parse_quaternion	64	static
C:/Users/HiTF/Desktop/UART_HUB_2/UART_HUB_2/Core/Src/main.c:274:16:copy_construct	56	static
C:/Users/HiTF/Desktop/UART_HUB_2/UART_HUB_2/Core/Src/main.c:297:6:free_msg_content	16	static
C:/Users/HiTF/Desktop/UART_HUB_2/UART_HUB_2/Core/Src/main.c:308:6:send	24	static
C:/Users/HiTF/Desktop/UART_HUB_2/UART_HUB_2/Core/Src/main.c:331:6:fifo_init	24	static
C:/Users/HiTF/Desktop/UART_HUB_2/UART_HUB_2/Core/Src/main.c:342:6:fifo_push_tail	16	static
C:/Users/HiTF/Desktop/UART_HUB_2/UART_HUB_2/Core/Src/main.c:352:6:fifo_push_head	16	static
C:/Users/HiTF/Desktop/UART_HUB_2/UART_HUB_2/Core/Src/main.c:363:6:fifo_add	40	static
C:/Users/HiTF/Desktop/UART_HUB_2/UART_HUB_2/Core/Src/main.c:371:11:fifo_get	48	static
C:/Users/HiTF/Desktop/UART_HUB_2/UART_HUB_2/Core/Src/main.c:424:6:clear_msg_buf	16	static
C:/Users/HiTF/Desktop/UART_HUB_2/UART_HUB_2/Core/Src/main.c:432:6:clear_buf	24	static
C:/Users/HiTF/Desktop/UART_HUB_2/UART_HUB_2/Core/Src/main.c:451:6:kondo_fucking_send_and_fucking_register_responce	8	static
C:/Users/HiTF/Desktop/UART_HUB_2/UART_HUB_2/Core/Src/main.c:479:6:fucking_send	32	static
C:/Users/HiTF/Desktop/UART_HUB_2/UART_HUB_2/Core/Src/main.c:493:5:main	2472	static,ignoring_inline_asm
C:/Users/HiTF/Desktop/UART_HUB_2/UART_HUB_2/Core/Src/main.c:659:6:SystemClock_Config	120	static
C:/Users/HiTF/Desktop/UART_HUB_2/UART_HUB_2/Core/Src/main.c:716:6:HAL_UART_TxCpltCallback	16	static
C:/Users/HiTF/Desktop/UART_HUB_2/UART_HUB_2/Core/Src/main.c:724:6:HAL_UART_RxCpltCallback	56	static
C:/Users/HiTF/Desktop/UART_HUB_2/UART_HUB_2/Core/Src/main.c:776:6:HAL_TIM_PeriodElapsedCallback	16	static
C:/Users/HiTF/Desktop/UART_HUB_2/UART_HUB_2/Core/Src/main.c:802:6:Error_Handler	4	static,ignoring_inline_asm
