C:/Users/HiTF/Desktop/UART_HUB_2/UART_HUB_2/Core/Src/stm32h7xx_it.c:80:6:NMI_Handler	4	static
C:/Users/HiTF/Desktop/UART_HUB_2/UART_HUB_2/Core/Src/stm32h7xx_it.c:95:6:HardFault_Handler	4	static
C:/Users/HiTF/Desktop/UART_HUB_2/UART_HUB_2/Core/Src/stm32h7xx_it.c:110:6:MemManage_Handler	4	static
C:/Users/HiTF/Desktop/UART_HUB_2/UART_HUB_2/Core/Src/stm32h7xx_it.c:125:6:BusFault_Handler	4	static
C:/Users/HiTF/Desktop/UART_HUB_2/UART_HUB_2/Core/Src/stm32h7xx_it.c:140:6:UsageFault_Handler	4	static
C:/Users/HiTF/Desktop/UART_HUB_2/UART_HUB_2/Core/Src/stm32h7xx_it.c:155:6:SVC_Handler	4	static
C:/Users/HiTF/Desktop/UART_HUB_2/UART_HUB_2/Core/Src/stm32h7xx_it.c:168:6:DebugMon_Handler	4	static
C:/Users/HiTF/Desktop/UART_HUB_2/UART_HUB_2/Core/Src/stm32h7xx_it.c:181:6:PendSV_Handler	4	static
C:/Users/HiTF/Desktop/UART_HUB_2/UART_HUB_2/Core/Src/stm32h7xx_it.c:194:6:SysTick_Handler	8	static
C:/Users/HiTF/Desktop/UART_HUB_2/UART_HUB_2/Core/Src/stm32h7xx_it.c:215:6:DMA1_Stream0_IRQHandler	8	static
C:/Users/HiTF/Desktop/UART_HUB_2/UART_HUB_2/Core/Src/stm32h7xx_it.c:229:6:DMA1_Stream1_IRQHandler	8	static
C:/Users/HiTF/Desktop/UART_HUB_2/UART_HUB_2/Core/Src/stm32h7xx_it.c:243:6:DMA1_Stream4_IRQHandler	8	static
C:/Users/HiTF/Desktop/UART_HUB_2/UART_HUB_2/Core/Src/stm32h7xx_it.c:257:6:DMA1_Stream5_IRQHandler	8	static
C:/Users/HiTF/Desktop/UART_HUB_2/UART_HUB_2/Core/Src/stm32h7xx_it.c:271:6:TIM2_IRQHandler	8	static
C:/Users/HiTF/Desktop/UART_HUB_2/UART_HUB_2/Core/Src/stm32h7xx_it.c:285:6:TIM3_IRQHandler	8	static
C:/Users/HiTF/Desktop/UART_HUB_2/UART_HUB_2/Core/Src/stm32h7xx_it.c:299:6:TIM4_IRQHandler	8	static
C:/Users/HiTF/Desktop/UART_HUB_2/UART_HUB_2/Core/Src/stm32h7xx_it.c:313:6:I2C2_EV_IRQHandler	8	static
C:/Users/HiTF/Desktop/UART_HUB_2/UART_HUB_2/Core/Src/stm32h7xx_it.c:327:6:I2C2_ER_IRQHandler	8	static
C:/Users/HiTF/Desktop/UART_HUB_2/UART_HUB_2/Core/Src/stm32h7xx_it.c:341:6:SPI1_IRQHandler	8	static
C:/Users/HiTF/Desktop/UART_HUB_2/UART_HUB_2/Core/Src/stm32h7xx_it.c:355:6:USART3_IRQHandler	8	static
C:/Users/HiTF/Desktop/UART_HUB_2/UART_HUB_2/Core/Src/stm32h7xx_it.c:369:6:UART8_IRQHandler	8	static
C:/Users/HiTF/Desktop/UART_HUB_2/UART_HUB_2/Core/Src/stm32h7xx_it.c:383:6:OTG_FS_EP1_OUT_IRQHandler	8	static
C:/Users/HiTF/Desktop/UART_HUB_2/UART_HUB_2/Core/Src/stm32h7xx_it.c:397:6:OTG_FS_IRQHandler	8	static
