C:/Users/HiTF/Desktop/UART_HUB_2/Backup/UART_HUB_2/Core/Src/stm32h7xx_it.c:83:6:NMI_Handler	4	static
C:/Users/HiTF/Desktop/UART_HUB_2/Backup/UART_HUB_2/Core/Src/stm32h7xx_it.c:98:6:HardFault_Handler	4	static
C:/Users/HiTF/Desktop/UART_HUB_2/Backup/UART_HUB_2/Core/Src/stm32h7xx_it.c:113:6:MemManage_Handler	4	static
C:/Users/HiTF/Desktop/UART_HUB_2/Backup/UART_HUB_2/Core/Src/stm32h7xx_it.c:128:6:BusFault_Handler	4	static
C:/Users/HiTF/Desktop/UART_HUB_2/Backup/UART_HUB_2/Core/Src/stm32h7xx_it.c:143:6:UsageFault_Handler	4	static
C:/Users/HiTF/Desktop/UART_HUB_2/Backup/UART_HUB_2/Core/Src/stm32h7xx_it.c:158:6:SVC_Handler	4	static
C:/Users/HiTF/Desktop/UART_HUB_2/Backup/UART_HUB_2/Core/Src/stm32h7xx_it.c:171:6:DebugMon_Handler	4	static
C:/Users/HiTF/Desktop/UART_HUB_2/Backup/UART_HUB_2/Core/Src/stm32h7xx_it.c:184:6:PendSV_Handler	4	static
C:/Users/HiTF/Desktop/UART_HUB_2/Backup/UART_HUB_2/Core/Src/stm32h7xx_it.c:197:6:SysTick_Handler	8	static
C:/Users/HiTF/Desktop/UART_HUB_2/Backup/UART_HUB_2/Core/Src/stm32h7xx_it.c:218:6:DMA1_Stream0_IRQHandler	8	static
C:/Users/HiTF/Desktop/UART_HUB_2/Backup/UART_HUB_2/Core/Src/stm32h7xx_it.c:232:6:DMA1_Stream1_IRQHandler	8	static
C:/Users/HiTF/Desktop/UART_HUB_2/Backup/UART_HUB_2/Core/Src/stm32h7xx_it.c:246:6:DMA1_Stream2_IRQHandler	8	static
C:/Users/HiTF/Desktop/UART_HUB_2/Backup/UART_HUB_2/Core/Src/stm32h7xx_it.c:260:6:DMA1_Stream3_IRQHandler	8	static
C:/Users/HiTF/Desktop/UART_HUB_2/Backup/UART_HUB_2/Core/Src/stm32h7xx_it.c:274:6:DMA1_Stream4_IRQHandler	8	static
C:/Users/HiTF/Desktop/UART_HUB_2/Backup/UART_HUB_2/Core/Src/stm32h7xx_it.c:288:6:DMA1_Stream5_IRQHandler	8	static
C:/Users/HiTF/Desktop/UART_HUB_2/Backup/UART_HUB_2/Core/Src/stm32h7xx_it.c:302:6:TIM2_IRQHandler	8	static
C:/Users/HiTF/Desktop/UART_HUB_2/Backup/UART_HUB_2/Core/Src/stm32h7xx_it.c:316:6:TIM3_IRQHandler	8	static
C:/Users/HiTF/Desktop/UART_HUB_2/Backup/UART_HUB_2/Core/Src/stm32h7xx_it.c:330:6:TIM4_IRQHandler	8	static
C:/Users/HiTF/Desktop/UART_HUB_2/Backup/UART_HUB_2/Core/Src/stm32h7xx_it.c:344:6:I2C2_EV_IRQHandler	8	static
C:/Users/HiTF/Desktop/UART_HUB_2/Backup/UART_HUB_2/Core/Src/stm32h7xx_it.c:358:6:I2C2_ER_IRQHandler	8	static
C:/Users/HiTF/Desktop/UART_HUB_2/Backup/UART_HUB_2/Core/Src/stm32h7xx_it.c:372:6:SPI1_IRQHandler	8	static
C:/Users/HiTF/Desktop/UART_HUB_2/Backup/UART_HUB_2/Core/Src/stm32h7xx_it.c:386:6:USART2_IRQHandler	8	static
C:/Users/HiTF/Desktop/UART_HUB_2/Backup/UART_HUB_2/Core/Src/stm32h7xx_it.c:400:6:USART3_IRQHandler	8	static
C:/Users/HiTF/Desktop/UART_HUB_2/Backup/UART_HUB_2/Core/Src/stm32h7xx_it.c:414:6:UART8_IRQHandler	8	static
C:/Users/HiTF/Desktop/UART_HUB_2/Backup/UART_HUB_2/Core/Src/stm32h7xx_it.c:428:6:OTG_FS_EP1_OUT_IRQHandler	8	static
C:/Users/HiTF/Desktop/UART_HUB_2/Backup/UART_HUB_2/Core/Src/stm32h7xx_it.c:442:6:OTG_FS_IRQHandler	8	static
