C:/Users/HiTF/Desktop/UART_HUB_2/Backup/UART_HUB_2/Core/Src/usart.c:36:6:MX_UART4_Init	8	static
C:/Users/HiTF/Desktop/UART_HUB_2/Backup/UART_HUB_2/Core/Src/usart.c:79:6:MX_UART7_Init	8	static
C:/Users/HiTF/Desktop/UART_HUB_2/Backup/UART_HUB_2/Core/Src/usart.c:122:6:MX_UART8_Init	8	static
C:/Users/HiTF/Desktop/UART_HUB_2/Backup/UART_HUB_2/Core/Src/usart.c:166:6:MX_USART2_UART_Init	8	static
C:/Users/HiTF/Desktop/UART_HUB_2/Backup/UART_HUB_2/Core/Src/usart.c:210:6:MX_USART3_UART_Init	8	static
C:/Users/HiTF/Desktop/UART_HUB_2/Backup/UART_HUB_2/Core/Src/usart.c:253:6:HAL_UART_MspInit	264	static
C:/Users/HiTF/Desktop/UART_HUB_2/Backup/UART_HUB_2/Core/Src/usart.c:476:6:HAL_UART_MspDeInit	16	static
